// Jest Snapshot v1, https://goo.gl/fbAQLP

exports[`Composer component: should correspond to its snapshot counterpart 1`] = `
<section
  className="composer"
>
  <img
    src="/images/lisa.c0366.png"
  />
  <form
    onSubmit={[Function]}
  >
    <textarea
      onChange={[Function]}
      onKeyPress={[Function]}
      placeholder="What's on your mind, Лиза?"
      value=""
    />
    <input
      type="submit"
      value="Post"
    />
  </form>
</section>
`;
